192.168.139.30 - - [13/May/2025:19:05:44 +0000] "POST /zabbix/index.php HTTP/1.1" 302 575 "http://192.168.137.30/zabbix/index.php" "Mozilla/5.0 (Windows NT 10.0; Win64; x64) AppleWebKit/537.36 (KHTML, like Gecko) Chrome/136.0.0.0 Safari/537.36 Edg/136.0.0.0"
192.168.139.30 - - [13/May/2025:19:05:45 +0000] "GET /zabbix/zabbix.php?action=dashboard.view HTTP/1.1" 200 8037 "http://192.168.137.30/zabbix/index.php" "Mozilla/5.0 (Windows NT 10.0; Win64; x64) AppleWebKit/537.36 (KHTML, like Gecko) Chrome/136.0.0.0 Safari/537.36 Edg/136.0.0.0"
192.168.139.30 - - [13/May/2025:19:05:46 +0000] "GET /zabbix/jsLoader.php?ver=6.0.39&lang=en_US&files%5B0%5D=flickerfreescreen.js&files%5B1%5D=gtlc.js&files%5B2%5D=leaflet.js&files%5B3%5D=leaflet.markercluster.js&files%5B4%5D=class.dashboard.js&files%5B5%5D=class.dashboard.page.js&files%5B6%5D=class.dashboard.widget.placeholder.js&files%5B7%5D=class.geomaps.js&files%5B8%5D=class.widget.js&files%5B9%5D=class.widget.iterator.js&files%5B10%5D=class.widget.clock.js&files%5B11%5D=class.widget.geomap.js&files%5B12%5D=class.widget.graph.js&files%5B13%5D=class.widget.graph-prototype.js&files%5B14%5D=class.widget.item.js&files%5B15%5D=class.widget.map.js&files%5B16%5D=class.widget.navtree.js&files%5B17%5D=class.widget.paste-placeholder.js&files%5B18%5D=class.widget.problems.js&files%5B19%5D=class.widget.problemsbysv.js&files%5B20%5D=class.widget.svggraph.js&files%5B21%5D=class.widget.trigerover.js&files%5B22%5D=class.widget.url.js&files%5B23%5D=class.calendar.js&files%5B24%5D=layout.mode.js&files%5B25%5D=class.coverride.js&files%5B26%5D=class.crangecontrol.js&files%5B27%5D=colorpicker.js&files%5B28%5D=class.csvggraph.js&files%5B29%5D=class.cnavtree.js&files%5B30%5D=class.svg.canvas.js&files%5B31%5D=class.svg.map.js&files%5B32%5D=class.tagfilteritem.js&files%5B33%5D=class.sortable.js&files%5B34%5D=servercheck.js HTTP/1.1" 304 196 "http://192.168.137.30/zabbix/zabbix.php?action=dashboard.view" "Mozilla/5.0 (Windows NT 10.0; Win64; x64) AppleWebKit/537.36 (KHTML, like Gecko) Chrome/136.0.0.0 Safari/537.36 Edg/136.0.0.0"
192.168.139.30 - - [13/May/2025:19:05:46 +0000] "GET /zabbix/jsLoader.php?lang=en_US&ver=6.0.39&showGuiMessaging=1 HTTP/1.1" 200 229869 "http://192.168.137.30/zabbix/zabbix.php?action=dashboard.view" "Mozilla/5.0 (Windows NT 10.0; Win64; x64) AppleWebKit/537.36 (KHTML, like Gecko) Chrome/136.0.0.0 Safari/537.36 Edg/136.0.0.0"
192.168.139.30 - - [13/May/2025:19:05:47 +0000] "POST /zabbix/zabbix.php?action=notifications.get&sid=bc46f4724b5ad790&output=ajax HTTP/1.1" 200 992 "http://192.168.137.30/zabbix/zabbix.php?action=dashboard.view" "Mozilla/5.0 (Windows NT 10.0; Win64; x64) AppleWebKit/537.36 (KHTML, like Gecko) Chrome/136.0.0.0 Safari/537.36 Edg/136.0.0.0"
192.168.139.30 - - [13/May/2025:19:05:47 +0000] "POST /zabbix/zabbix.php?sid=bc46f4724b5ad790&action=widget.clock.view HTTP/1.1" 200 2630 "http://192.168.137.30/zabbix/zabbix.php?action=dashboard.view" "Mozilla/5.0 (Windows NT 10.0; Win64; x64) AppleWebKit/537.36 (KHTML, like Gecko) Chrome/136.0.0.0 Safari/537.36 Edg/136.0.0.0"
192.168.139.30 - - [13/May/2025:19:05:47 +0000] "POST /zabbix/zabbix.php?sid=bc46f4724b5ad790&action=widget.problems.view HTTP/1.1" 200 1037 "http://192.168.137.30/zabbix/zabbix.php?action=dashboard.view" "Mozilla/5.0 (Windows NT 10.0; Win64; x64) AppleWebKit/537.36 (KHTML, like Gecko) Chrome/136.0.0.0 Safari/537.36 Edg/136.0.0.0"
192.168.139.30 - - [13/May/2025:19:05:47 +0000] "POST /zabbix/zabbix.php?sid=bc46f4724b5ad790&action=widget.hostavail.view HTTP/1.1" 200 997 "http://192.168.137.30/zabbix/zabbix.php?action=dashboard.view" "Mozilla/5.0 (Windows NT 10.0; Win64; x64) AppleWebKit/537.36 (KHTML, like Gecko) Chrome/136.0.0.0 Safari/537.36 Edg/136.0.0.0"
192.168.139.30 - - [13/May/2025:19:05:47 +0000] "POST /zabbix/zabbix.php?sid=bc46f4724b5ad790&action=widget.systeminfo.view HTTP/1.1" 200 1902 "http://192.168.137.30/zabbix/zabbix.php?action=dashboard.view" "Mozilla/5.0 (Windows NT 10.0; Win64; x64) AppleWebKit/537.36 (KHTML, like Gecko) Chrome/136.0.0.0 Safari/537.36 Edg/136.0.0.0"
192.168.139.30 - - [13/May/2025:19:05:47 +0000] "POST /zabbix/zabbix.php?sid=bc46f4724b5ad790&action=widget.problemsbysv.view HTTP/1.1" 200 1117 "http://192.168.137.30/zabbix/zabbix.php?action=dashboard.view" "Mozilla/5.0 (Windows NT 10.0; Win64; x64) AppleWebKit/537.36 (KHTML, like Gecko) Chrome/136.0.0.0 Safari/537.36 Edg/136.0.0.0"
192.168.139.30 - - [13/May/2025:19:05:47 +0000] "POST /zabbix/zabbix.php?sid=bc46f4724b5ad790&action=widget.favmaps.view HTTP/1.1" 200 760 "http://192.168.137.30/zabbix/zabbix.php?action=dashboard.view" "Mozilla/5.0 (Windows NT 10.0; Win64; x64) AppleWebKit/537.36 (KHTML, like Gecko) Chrome/136.0.0.0 Safari/537.36 Edg/136.0.0.0"
192.168.139.30 - - [13/May/2025:19:05:47 +0000] "POST /zabbix/zabbix.php?sid=bc46f4724b5ad790&action=widget.favgraphs.view HTTP/1.1" 200 764 "http://192.168.137.30/zabbix/zabbix.php?action=dashboard.view" "Mozilla/5.0 (Windows NT 10.0; Win64; x64) AppleWebKit/537.36 (KHTML, like Gecko) Chrome/136.0.0.0 Safari/537.36 Edg/136.0.0.0"
127.0.0.1 - - [13/May/2025:19:05:52 +0000] "GET /server-status?auto HTTP/1.1" 200 1028 "-" "Python-urllib/3.12"
192.168.139.30 - - [13/May/2025:19:05:52 +0000] "POST /zabbix/jsrpc.php?output=json-rpc HTTP/1.1" 200 715 "http://192.168.137.30/zabbix/zabbix.php?action=dashboard.view" "Mozilla/5.0 (Windows NT 10.0; Win64; x64) AppleWebKit/537.36 (KHTML, like Gecko) Chrome/136.0.0.0 Safari/537.36 Edg/136.0.0.0"
192.168.139.30 - - [13/May/2025:19:05:54 +0000] "POST /zabbix/index.php?reconnect=1 HTTP/1.1" 302 419 "http://192.168.137.30/zabbix/zabbix.php?action=dashboard.view" "Mozilla/5.0 (Windows NT 10.0; Win64; x64) AppleWebKit/537.36 (KHTML, like Gecko) Chrome/136.0.0.0 Safari/537.36 Edg/136.0.0.0"
192.168.139.30 - - [13/May/2025:19:05:55 +0000] "GET /zabbix/index.php HTTP/1.1" 200 2039 "http://192.168.137.30/zabbix/zabbix.php?action=dashboard.view" "Mozilla/5.0 (Windows NT 10.0; Win64; x64) AppleWebKit/537.36 (KHTML, like Gecko) Chrome/136.0.0.0 Safari/537.36 Edg/136.0.0.0"
192.168.139.30 - - [13/May/2025:19:05:59 +0000] "POST /zabbix/index.php HTTP/1.1" 302 575 "http://192.168.137.30/zabbix/index.php" "Mozilla/5.0 (Windows NT 10.0; Win64; x64) AppleWebKit/537.36 (KHTML, like Gecko) Chrome/136.0.0.0 Safari/537.36 Edg/136.0.0.0"
192.168.139.30 - - [13/May/2025:19:05:59 +0000] "GET /zabbix/zabbix.php?action=dashboard.view HTTP/1.1" 200 8036 "http://192.168.137.30/zabbix/index.php" "Mozilla/5.0 (Windows NT 10.0; Win64; x64) AppleWebKit/537.36 (KHTML, like Gecko) Chrome/136.0.0.0 Safari/537.36 Edg/136.0.0.0"
192.168.139.30 - - [13/May/2025:19:06:01 +0000] "GET /zabbix/jsLoader.php?ver=6.0.39&lang=en_US&files%5B0%5D=flickerfreescreen.js&files%5B1%5D=gtlc.js&files%5B2%5D=leaflet.js&files%5B3%5D=leaflet.markercluster.js&files%5B4%5D=class.dashboard.js&files%5B5%5D=class.dashboard.page.js&files%5B6%5D=class.dashboard.widget.placeholder.js&files%5B7%5D=class.geomaps.js&files%5B8%5D=class.widget.js&files%5B9%5D=class.widget.iterator.js&files%5B10%5D=class.widget.clock.js&files%5B11%5D=class.widget.geomap.js&files%5B12%5D=class.widget.graph.js&files%5B13%5D=class.widget.graph-prototype.js&files%5B14%5D=class.widget.item.js&files%5B15%5D=class.widget.map.js&files%5B16%5D=class.widget.navtree.js&files%5B17%5D=class.widget.paste-placeholder.js&files%5B18%5D=class.widget.problems.js&files%5B19%5D=class.widget.problemsbysv.js&files%5B20%5D=class.widget.svggraph.js&files%5B21%5D=class.widget.trigerover.js&files%5B22%5D=class.widget.url.js&files%5B23%5D=class.calendar.js&files%5B24%5D=layout.mode.js&files%5B25%5D=class.coverride.js&files%5B26%5D=class.crangecontrol.js&files%5B27%5D=colorpicker.js&files%5B28%5D=class.csvggraph.js&files%5B29%5D=class.cnavtree.js&files%5B30%5D=class.svg.canvas.js&files%5B31%5D=class.svg.map.js&files%5B32%5D=class.tagfilteritem.js&files%5B33%5D=class.sortable.js&files%5B34%5D=servercheck.js HTTP/1.1" 304 196 "http://192.168.137.30/zabbix/zabbix.php?action=dashboard.view" "Mozilla/5.0 (Windows NT 10.0; Win64; x64) AppleWebKit/537.36 (KHTML, like Gecko) Chrome/136.0.0.0 Safari/537.36 Edg/136.0.0.0"
192.168.139.30 - - [13/May/2025:19:06:01 +0000] "GET /zabbix/jsLoader.php?lang=en_US&ver=6.0.39&showGuiMessaging=1 HTTP/1.1" 200 229869 "http://192.168.137.30/zabbix/zabbix.php?action=dashboard.view" "Mozilla/5.0 (Windows NT 10.0; Win64; x64) AppleWebKit/537.36 (KHTML, like Gecko) Chrome/136.0.0.0 Safari/537.36 Edg/136.0.0.0"
192.168.139.30 - - [13/May/2025:19:06:01 +0000] "POST /zabbix/zabbix.php?action=notifications.get&sid=d78328029c00c4de&output=ajax HTTP/1.1" 200 992 "http://192.168.137.30/zabbix/zabbix.php?action=dashboard.view" "Mozilla/5.0 (Windows NT 10.0; Win64; x64) AppleWebKit/537.36 (KHTML, like Gecko) Chrome/136.0.0.0 Safari/537.36 Edg/136.0.0.0"
192.168.139.30 - - [13/May/2025:19:06:01 +0000] "POST /zabbix/zabbix.php?sid=d78328029c00c4de&action=widget.clock.view HTTP/1.1" 200 2630 "http://192.168.137.30/zabbix/zabbix.php?action=dashboard.view" "Mozilla/5.0 (Windows NT 10.0; Win64; x64) AppleWebKit/537.36 (KHTML, like Gecko) Chrome/136.0.0.0 Safari/537.36 Edg/136.0.0.0"
192.168.139.30 - - [13/May/2025:19:06:01 +0000] "POST /zabbix/zabbix.php?sid=d78328029c00c4de&action=widget.hostavail.view HTTP/1.1" 200 997 "http://192.168.137.30/zabbix/zabbix.php?action=dashboard.view" "Mozilla/5.0 (Windows NT 10.0; Win64; x64) AppleWebKit/537.36 (KHTML, like Gecko) Chrome/136.0.0.0 Safari/537.36 Edg/136.0.0.0"
192.168.139.30 - - [13/May/2025:19:06:01 +0000] "POST /zabbix/zabbix.php?sid=d78328029c00c4de&action=widget.problemsbysv.view HTTP/1.1" 200 1117 "http://192.168.137.30/zabbix/zabbix.php?action=dashboard.view" "Mozilla/5.0 (Windows NT 10.0; Win64; x64) AppleWebKit/537.36 (KHTML, like Gecko) Chrome/136.0.0.0 Safari/537.36 Edg/136.0.0.0"
192.168.139.30 - - [13/May/2025:19:06:01 +0000] "POST /zabbix/zabbix.php?sid=d78328029c00c4de&action=widget.problems.view HTTP/1.1" 200 1037 "http://192.168.137.30/zabbix/zabbix.php?action=dashboard.view" "Mozilla/5.0 (Windows NT 10.0; Win64; x64) AppleWebKit/537.36 (KHTML, like Gecko) Chrome/136.0.0.0 Safari/537.36 Edg/136.0.0.0"
192.168.139.30 - - [13/May/2025:19:06:01 +0000] "POST /zabbix/zabbix.php?sid=d78328029c00c4de&action=widget.systeminfo.view HTTP/1.1" 200 1902 "http://192.168.137.30/zabbix/zabbix.php?action=dashboard.view" "Mozilla/5.0 (Windows NT 10.0; Win64; x64) AppleWebKit/537.36 (KHTML, like Gecko) Chrome/136.0.0.0 Safari/537.36 Edg/136.0.0.0"
192.168.139.30 - - [13/May/2025:19:06:01 +0000] "POST /zabbix/zabbix.php?sid=d78328029c00c4de&action=widget.favmaps.view HTTP/1.1" 200 760 "http://192.168.137.30/zabbix/zabbix.php?action=dashboard.view" "Mozilla/5.0 (Windows NT 10.0; Win64; x64) AppleWebKit/537.36 (KHTML, like Gecko) Chrome/136.0.0.0 Safari/537.36 Edg/136.0.0.0"
192.168.139.30 - - [13/May/2025:19:06:02 +0000] "POST /zabbix/zabbix.php?sid=d78328029c00c4de&action=widget.favgraphs.view HTTP/1.1" 200 764 "http://192.168.137.30/zabbix/zabbix.php?action=dashboard.view" "Mozilla/5.0 (Windows NT 10.0; Win64; x64) AppleWebKit/537.36 (KHTML, like Gecko) Chrome/136.0.0.0 Safari/537.36 Edg/136.0.0.0"
192.168.139.30 - - [13/May/2025:19:06:06 +0000] "POST /zabbix/jsrpc.php?output=json-rpc HTTP/1.1" 200 715 "http://192.168.137.30/zabbix/zabbix.php?action=dashboard.view" "Mozilla/5.0 (Windows NT 10.0; Win64; x64) AppleWebKit/537.36 (KHTML, like Gecko) Chrome/136.0.0.0 Safari/537.36 Edg/136.0.0.0"
::1 - - [13/May/2025:19:06:14 +0000] "OPTIONS * HTTP/1.0" 200 126 "-" "Apache/2.4.58 (Ubuntu) (internal dummy connection)"
192.168.139.30 - - [13/May/2025:19:06:17 +0000] "POST /zabbix/jsrpc.php?output=json-rpc HTTP/1.1" 200 716 "http://192.168.137.30/zabbix/zabbix.php?action=dashboard.view" "Mozilla/5.0 (Windows NT 10.0; Win64; x64) AppleWebKit/537.36 (KHTML, like Gecko) Chrome/136.0.0.0 Safari/537.36 Edg/136.0.0.0"
192.168.139.30 - - [13/May/2025:19:06:25 +0000] "GET /zabbix/auditacts.php HTTP/1.1" 200 5435 "http://192.168.137.30/zabbix/zabbix.php?action=dashboard.view" "Mozilla/5.0 (Windows NT 10.0; Win64; x64) AppleWebKit/537.36 (KHTML, like Gecko) Chrome/136.0.0.0 Safari/537.36 Edg/136.0.0.0"
192.168.139.30 - - [13/May/2025:19:06:26 +0000] "GET /zabbix/jsLoader.php?ver=6.0.39&lang=en_US&files%5B0%5D=class.calendar.js&files%5B1%5D=gtlc.js&files%5B2%5D=flickerfreescreen.js&files%5B3%5D=servercheck.js HTTP/1.1" 200 14848 "http://192.168.137.30/zabbix/auditacts.php" "Mozilla/5.0 (Windows NT 10.0; Win64; x64) AppleWebKit/537.36 (KHTML, like Gecko) Chrome/136.0.0.0 Safari/537.36 Edg/136.0.0.0"
192.168.139.30 - - [13/May/2025:19:06:26 +0000] "GET /zabbix/jsLoader.php?ver=6.0.39&lang=en_US&showGuiMessaging=1 HTTP/1.1" 200 229869 "http://192.168.137.30/zabbix/auditacts.php" "Mozilla/5.0 (Windows NT 10.0; Win64; x64) AppleWebKit/537.36 (KHTML, like Gecko) Chrome/136.0.0.0 Safari/537.36 Edg/136.0.0.0"
192.168.139.30 - - [13/May/2025:19:06:26 +0000] "POST /zabbix/zabbix.php?action=notifications.get&sid=d78328029c00c4de&output=ajax HTTP/1.1" 200 1064 "http://192.168.137.30/zabbix/auditacts.php" "Mozilla/5.0 (Windows NT 10.0; Win64; x64) AppleWebKit/537.36 (KHTML, like Gecko) Chrome/136.0.0.0 Safari/537.36 Edg/136.0.0.0"
192.168.139.30 - - [13/May/2025:19:06:26 +0000] "POST /zabbix/zabbix.php?action=timeselector.update&sid=d78328029c00c4de&type=11 HTTP/1.1" 200 858 "http://192.168.137.30/zabbix/auditacts.php" "Mozilla/5.0 (Windows NT 10.0; Win64; x64) AppleWebKit/537.36 (KHTML, like Gecko) Chrome/136.0.0.0 Safari/537.36 Edg/136.0.0.0"
192.168.139.30 - - [13/May/2025:19:06:29 +0000] "GET /zabbix/report4.php HTTP/1.1" 200 4520 "http://192.168.137.30/zabbix/auditacts.php" "Mozilla/5.0 (Windows NT 10.0; Win64; x64) AppleWebKit/537.36 (KHTML, like Gecko) Chrome/136.0.0.0 Safari/537.36 Edg/136.0.0.0"
192.168.139.30 - - [13/May/2025:19:06:30 +0000] "GET /zabbix/jsLoader.php?ver=6.0.39&lang=en_US&files%5B0%5D=report4.js&files%5B1%5D=servercheck.js HTTP/1.1" 200 1840 "http://192.168.137.30/zabbix/report4.php" "Mozilla/5.0 (Windows NT 10.0; Win64; x64) AppleWebKit/537.36 (KHTML, like Gecko) Chrome/136.0.0.0 Safari/537.36 Edg/136.0.0.0"
192.168.139.30 - - [13/May/2025:19:06:30 +0000] "GET /zabbix/jsLoader.php?ver=6.0.39&lang=en_US&showGuiMessaging=1 HTTP/1.1" 304 195 "http://192.168.137.30/zabbix/report4.php" "Mozilla/5.0 (Windows NT 10.0; Win64; x64) AppleWebKit/537.36 (KHTML, like Gecko) Chrome/136.0.0.0 Safari/537.36 Edg/136.0.0.0"
192.168.139.30 - - [13/May/2025:19:06:30 +0000] "POST /zabbix/zabbix.php?action=notifications.get&sid=d78328029c00c4de&output=ajax HTTP/1.1" 200 1064 "http://192.168.137.30/zabbix/report4.php" "Mozilla/5.0 (Windows NT 10.0; Win64; x64) AppleWebKit/537.36 (KHTML, like Gecko) Chrome/136.0.0.0 Safari/537.36 Edg/136.0.0.0"
192.168.139.30 - - [13/May/2025:19:06:32 +0000] "GET /zabbix/toptriggers.php HTTP/1.1" 200 6028 "http://192.168.137.30/zabbix/report4.php" "Mozilla/5.0 (Windows NT 10.0; Win64; x64) AppleWebKit/537.36 (KHTML, like Gecko) Chrome/136.0.0.0 Safari/537.36 Edg/136.0.0.0"
192.168.139.30 - - [13/May/2025:19:06:33 +0000] "GET /zabbix/jsLoader.php?ver=6.0.39&lang=en_US&files%5B0%5D=class.calendar.js&files%5B1%5D=gtlc.js&files%5B2%5D=servercheck.js HTTP/1.1" 200 11930 "http://192.168.137.30/zabbix/toptriggers.php" "Mozilla/5.0 (Windows NT 10.0; Win64; x64) AppleWebKit/537.36 (KHTML, like Gecko) Chrome/136.0.0.0 Safari/537.36 Edg/136.0.0.0"
192.168.139.30 - - [13/May/2025:19:06:33 +0000] "GET /zabbix/jsLoader.php?ver=6.0.39&lang=en_US&showGuiMessaging=1 HTTP/1.1" 304 195 "http://192.168.137.30/zabbix/toptriggers.php" "Mozilla/5.0 (Windows NT 10.0; Win64; x64) AppleWebKit/537.36 (KHTML, like Gecko) Chrome/136.0.0.0 Safari/537.36 Edg/136.0.0.0"
192.168.139.30 - - [13/May/2025:19:06:33 +0000] "POST /zabbix/zabbix.php?action=notifications.get&sid=d78328029c00c4de&output=ajax HTTP/1.1" 200 1064 "http://192.168.137.30/zabbix/toptriggers.php" "Mozilla/5.0 (Windows NT 10.0; Win64; x64) AppleWebKit/537.36 (KHTML, like Gecko) Chrome/136.0.0.0 Safari/537.36 Edg/136.0.0.0"
192.168.139.30 - - [13/May/2025:19:06:33 +0000] "POST /zabbix/zabbix.php?action=timeselector.update&sid=d78328029c00c4de&type=11 HTTP/1.1" 200 858 "http://192.168.137.30/zabbix/toptriggers.php" "Mozilla/5.0 (Windows NT 10.0; Win64; x64) AppleWebKit/537.36 (KHTML, like Gecko) Chrome/136.0.0.0 Safari/537.36 Edg/136.0.0.0"
192.168.139.30 - - [13/May/2025:19:06:38 +0000] "POST /zabbix/jsrpc.php?output=json-rpc HTTP/1.1" 200 715 "http://192.168.137.30/zabbix/toptriggers.php" "Mozilla/5.0 (Windows NT 10.0; Win64; x64) AppleWebKit/537.36 (KHTML, like Gecko) Chrome/136.0.0.0 Safari/537.36 Edg/136.0.0.0"
192.168.139.30 - - [13/May/2025:19:06:39 +0000] "GET /zabbix/zabbix.php?action=host.list HTTP/1.1" 200 7724 "http://192.168.137.30/zabbix/toptriggers.php" "Mozilla/5.0 (Windows NT 10.0; Win64; x64) AppleWebKit/537.36 (KHTML, like Gecko) Chrome/136.0.0.0 Safari/537.36 Edg/136.0.0.0"
192.168.139.30 - - [13/May/2025:19:06:40 +0000] "GET /zabbix/jsLoader.php?ver=6.0.39&lang=en_US&files%5B0%5D=class.tagfilteritem.js&files%5B1%5D=servercheck.js HTTP/1.1" 200 2166 "http://192.168.137.30/zabbix/zabbix.php?action=host.list" "Mozilla/5.0 (Windows NT 10.0; Win64; x64) AppleWebKit/537.36 (KHTML, like Gecko) Chrome/136.0.0.0 Safari/537.36 Edg/136.0.0.0"
192.168.139.30 - - [13/May/2025:19:06:40 +0000] "GET /zabbix/jsLoader.php?lang=en_US&ver=6.0.39&showGuiMessaging=1 HTTP/1.1" 304 196 "http://192.168.137.30/zabbix/zabbix.php?action=host.list" "Mozilla/5.0 (Windows NT 10.0; Win64; x64) AppleWebKit/537.36 (KHTML, like Gecko) Chrome/136.0.0.0 Safari/537.36 Edg/136.0.0.0"
192.168.139.30 - - [13/May/2025:19:06:40 +0000] "POST /zabbix/zabbix.php?action=notifications.get&sid=d78328029c00c4de&output=ajax HTTP/1.1" 200 1064 "http://192.168.137.30/zabbix/zabbix.php?action=host.list" "Mozilla/5.0 (Windows NT 10.0; Win64; x64) AppleWebKit/537.36 (KHTML, like Gecko) Chrome/136.0.0.0 Safari/537.36 Edg/136.0.0.0"
192.168.139.30 - - [13/May/2025:19:06:46 +0000] "POST /zabbix/jsrpc.php?output=json-rpc HTTP/1.1" 200 715 "http://192.168.137.30/zabbix/zabbix.php?action=host.list" "Mozilla/5.0 (Windows NT 10.0; Win64; x64) AppleWebKit/537.36 (KHTML, like Gecko) Chrome/136.0.0.0 Safari/537.36 Edg/136.0.0.0"
192.168.139.30 - - [13/May/2025:19:06:53 +0000] "GET /zabbix/zabbix.php?action=userrole.list HTTP/1.1" 200 4798 "http://192.168.137.30/zabbix/zabbix.php?action=host.list" "Mozilla/5.0 (Windows NT 10.0; Win64; x64) AppleWebKit/537.36 (KHTML, like Gecko) Chrome/136.0.0.0 Safari/537.36 Edg/136.0.0.0"
192.168.139.30 - - [13/May/2025:19:06:54 +0000] "GET /zabbix/jsLoader.php?ver=6.0.39&lang=en_US&files%5B0%5D=servercheck.js HTTP/1.1" 304 196 "http://192.168.137.30/zabbix/zabbix.php?action=userrole.list" "Mozilla/5.0 (Windows NT 10.0; Win64; x64) AppleWebKit/537.36 (KHTML, like Gecko) Chrome/136.0.0.0 Safari/537.36 Edg/136.0.0.0"
192.168.139.30 - - [13/May/2025:19:06:54 +0000] "GET /zabbix/jsLoader.php?lang=en_US&ver=6.0.39&showGuiMessaging=1 HTTP/1.1" 304 195 "http://192.168.137.30/zabbix/zabbix.php?action=userrole.list" "Mozilla/5.0 (Windows NT 10.0; Win64; x64) AppleWebKit/537.36 (KHTML, like Gecko) Chrome/136.0.0.0 Safari/537.36 Edg/136.0.0.0"
192.168.139.30 - - [13/May/2025:19:06:54 +0000] "POST /zabbix/zabbix.php?action=notifications.get&sid=d78328029c00c4de&output=ajax HTTP/1.1" 200 1064 "http://192.168.137.30/zabbix/zabbix.php?action=userrole.list" "Mozilla/5.0 (Windows NT 10.0; Win64; x64) AppleWebKit/537.36 (KHTML, like Gecko) Chrome/136.0.0.0 Safari/537.36 Edg/136.0.0.0"
192.168.139.30 - - [13/May/2025:19:06:59 +0000] "POST /zabbix/jsrpc.php?output=json-rpc HTTP/1.1" 200 715 "http://192.168.137.30/zabbix/zabbix.php?action=userrole.list" "Mozilla/5.0 (Windows NT 10.0; Win64; x64) AppleWebKit/537.36 (KHTML, like Gecko) Chrome/136.0.0.0 Safari/537.36 Edg/136.0.0.0"
192.168.139.30 - - [13/May/2025:19:07:02 +0000] "POST /zabbix/index.php?reconnect=1 HTTP/1.1" 302 419 "http://192.168.137.30/zabbix/zabbix.php?action=userrole.list" "Mozilla/5.0 (Windows NT 10.0; Win64; x64) AppleWebKit/537.36 (KHTML, like Gecko) Chrome/136.0.0.0 Safari/537.36 Edg/136.0.0.0"
192.168.139.30 - - [13/May/2025:19:07:03 +0000] "GET /zabbix/index.php HTTP/1.1" 200 2038 "http://192.168.137.30/zabbix/zabbix.php?action=userrole.list" "Mozilla/5.0 (Windows NT 10.0; Win64; x64) AppleWebKit/537.36 (KHTML, like Gecko) Chrome/136.0.0.0 Safari/537.36 Edg/136.0.0.0"
127.0.0.1 - - [13/May/2025:19:07:05 +0000] "GET /server-status?auto HTTP/1.1" 200 1029 "-" "Python-urllib/3.12"
192.168.139.30 - - [13/May/2025:19:07:16 +0000] "POST /zabbix/index.php HTTP/1.1" 302 576 "http://192.168.137.30/zabbix/index.php" "Mozilla/5.0 (Windows NT 10.0; Win64; x64) AppleWebKit/537.36 (KHTML, like Gecko) Chrome/136.0.0.0 Safari/537.36 Edg/136.0.0.0"
192.168.139.30 - - [13/May/2025:19:07:17 +0000] "GET /zabbix/zabbix.php?action=dashboard.view HTTP/1.1" 200 8038 "http://192.168.137.30/zabbix/index.php" "Mozilla/5.0 (Windows NT 10.0; Win64; x64) AppleWebKit/537.36 (KHTML, like Gecko) Chrome/136.0.0.0 Safari/537.36 Edg/136.0.0.0"
192.168.139.30 - - [13/May/2025:19:07:18 +0000] "GET /zabbix/jsLoader.php?ver=6.0.39&lang=en_US&files%5B0%5D=flickerfreescreen.js&files%5B1%5D=gtlc.js&files%5B2%5D=leaflet.js&files%5B3%5D=leaflet.markercluster.js&files%5B4%5D=class.dashboard.js&files%5B5%5D=class.dashboard.page.js&files%5B6%5D=class.dashboard.widget.placeholder.js&files%5B7%5D=class.geomaps.js&files%5B8%5D=class.widget.js&files%5B9%5D=class.widget.iterator.js&files%5B10%5D=class.widget.clock.js&files%5B11%5D=class.widget.geomap.js&files%5B12%5D=class.widget.graph.js&files%5B13%5D=class.widget.graph-prototype.js&files%5B14%5D=class.widget.item.js&files%5B15%5D=class.widget.map.js&files%5B16%5D=class.widget.navtree.js&files%5B17%5D=class.widget.paste-placeholder.js&files%5B18%5D=class.widget.problems.js&files%5B19%5D=class.widget.problemsbysv.js&files%5B20%5D=class.widget.svggraph.js&files%5B21%5D=class.widget.trigerover.js&files%5B22%5D=class.widget.url.js&files%5B23%5D=class.calendar.js&files%5B24%5D=layout.mode.js&files%5B25%5D=class.coverride.js&files%5B26%5D=class.crangecontrol.js&files%5B27%5D=colorpicker.js&files%5B28%5D=class.csvggraph.js&files%5B29%5D=class.cnavtree.js&files%5B30%5D=class.svg.canvas.js&files%5B31%5D=class.svg.map.js&files%5B32%5D=class.tagfilteritem.js&files%5B33%5D=class.sortable.js&files%5B34%5D=servercheck.js HTTP/1.1" 304 196 "http://192.168.137.30/zabbix/zabbix.php?action=dashboard.view" "Mozilla/5.0 (Windows NT 10.0; Win64; x64) AppleWebKit/537.36 (KHTML, like Gecko) Chrome/136.0.0.0 Safari/537.36 Edg/136.0.0.0"
192.168.139.30 - - [13/May/2025:19:07:18 +0000] "GET /zabbix/jsLoader.php?lang=en_US&ver=6.0.39&showGuiMessaging=1 HTTP/1.1" 200 229868 "http://192.168.137.30/zabbix/zabbix.php?action=dashboard.view" "Mozilla/5.0 (Windows NT 10.0; Win64; x64) AppleWebKit/537.36 (KHTML, like Gecko) Chrome/136.0.0.0 Safari/537.36 Edg/136.0.0.0"
192.168.139.30 - - [13/May/2025:19:07:18 +0000] "POST /zabbix/zabbix.php?action=notifications.get&sid=79838b96357537d1&output=ajax HTTP/1.1" 200 992 "http://192.168.137.30/zabbix/zabbix.php?action=dashboard.view" "Mozilla/5.0 (Windows NT 10.0; Win64; x64) AppleWebKit/537.36 (KHTML, like Gecko) Chrome/136.0.0.0 Safari/537.36 Edg/136.0.0.0"
192.168.139.30 - - [13/May/2025:19:07:18 +0000] "POST /zabbix/zabbix.php?sid=79838b96357537d1&action=widget.clock.view HTTP/1.1" 200 2630 "http://192.168.137.30/zabbix/zabbix.php?action=dashboard.view" "Mozilla/5.0 (Windows NT 10.0; Win64; x64) AppleWebKit/537.36 (KHTML, like Gecko) Chrome/136.0.0.0 Safari/537.36 Edg/136.0.0.0"
192.168.139.30 - - [13/May/2025:19:07:18 +0000] "POST /zabbix/zabbix.php?sid=79838b96357537d1&action=widget.problems.view HTTP/1.1" 200 1037 "http://192.168.137.30/zabbix/zabbix.php?action=dashboard.view" "Mozilla/5.0 (Windows NT 10.0; Win64; x64) AppleWebKit/537.36 (KHTML, like Gecko) Chrome/136.0.0.0 Safari/537.36 Edg/136.0.0.0"
192.168.139.30 - - [13/May/2025:19:07:18 +0000] "POST /zabbix/zabbix.php?sid=79838b96357537d1&action=widget.hostavail.view HTTP/1.1" 200 997 "http://192.168.137.30/zabbix/zabbix.php?action=dashboard.view" "Mozilla/5.0 (Windows NT 10.0; Win64; x64) AppleWebKit/537.36 (KHTML, like Gecko) Chrome/136.0.0.0 Safari/537.36 Edg/136.0.0.0"
192.168.139.30 - - [13/May/2025:19:07:18 +0000] "POST /zabbix/zabbix.php?sid=79838b96357537d1&action=widget.problemsbysv.view HTTP/1.1" 200 1117 "http://192.168.137.30/zabbix/zabbix.php?action=dashboard.view" "Mozilla/5.0 (Windows NT 10.0; Win64; x64) AppleWebKit/537.36 (KHTML, like Gecko) Chrome/136.0.0.0 Safari/537.36 Edg/136.0.0.0"
192.168.139.30 - - [13/May/2025:19:07:18 +0000] "POST /zabbix/zabbix.php?sid=79838b96357537d1&action=widget.systeminfo.view HTTP/1.1" 200 1902 "http://192.168.137.30/zabbix/zabbix.php?action=dashboard.view" "Mozilla/5.0 (Windows NT 10.0; Win64; x64) AppleWebKit/537.36 (KHTML, like Gecko) Chrome/136.0.0.0 Safari/537.36 Edg/136.0.0.0"
192.168.139.30 - - [13/May/2025:19:07:19 +0000] "POST /zabbix/zabbix.php?sid=79838b96357537d1&action=widget.favmaps.view HTTP/1.1" 200 760 "http://192.168.137.30/zabbix/zabbix.php?action=dashboard.view" "Mozilla/5.0 (Windows NT 10.0; Win64; x64) AppleWebKit/537.36 (KHTML, like Gecko) Chrome/136.0.0.0 Safari/537.36 Edg/136.0.0.0"
192.168.139.30 - - [13/May/2025:19:07:19 +0000] "POST /zabbix/zabbix.php?sid=79838b96357537d1&action=widget.favgraphs.view HTTP/1.1" 200 764 "http://192.168.137.30/zabbix/zabbix.php?action=dashboard.view" "Mozilla/5.0 (Windows NT 10.0; Win64; x64) AppleWebKit/537.36 (KHTML, like Gecko) Chrome/136.0.0.0 Safari/537.36 Edg/136.0.0.0"
192.168.139.30 - - [13/May/2025:19:07:23 +0000] "POST /zabbix/jsrpc.php?output=json-rpc HTTP/1.1" 200 715 "http://192.168.137.30/zabbix/zabbix.php?action=dashboard.view" "Mozilla/5.0 (Windows NT 10.0; Win64; x64) AppleWebKit/537.36 (KHTML, like Gecko) Chrome/136.0.0.0 Safari/537.36 Edg/136.0.0.0"
::1 - - [13/May/2025:19:07:32 +0000] "OPTIONS * HTTP/1.0" 200 126 "-" "Apache/2.4.58 (Ubuntu) (internal dummy connection)"
192.168.139.30 - - [13/May/2025:19:07:33 +0000] "GET /zabbix/zabbix.php?action=map.view HTTP/1.1" 302 683 "http://192.168.137.30/zabbix/zabbix.php?action=dashboard.view" "Mozilla/5.0 (Windows NT 10.0; Win64; x64) AppleWebKit/537.36 (KHTML, like Gecko) Chrome/136.0.0.0 Safari/537.36 Edg/136.0.0.0"
192.168.139.30 - - [13/May/2025:19:07:34 +0000] "POST /zabbix/jsrpc.php?output=json-rpc HTTP/1.1" 200 716 "http://192.168.137.30/zabbix/zabbix.php?action=dashboard.view" "Mozilla/5.0 (Windows NT 10.0; Win64; x64) AppleWebKit/537.36 (KHTML, like Gecko) Chrome/136.0.0.0 Safari/537.36 Edg/136.0.0.0"
192.168.139.30 - - [13/May/2025:19:07:34 +0000] "GET /zabbix/sysmaps.php HTTP/1.1" 200 5007 "http://192.168.137.30/zabbix/zabbix.php?action=dashboard.view" "Mozilla/5.0 (Windows NT 10.0; Win64; x64) AppleWebKit/537.36 (KHTML, like Gecko) Chrome/136.0.0.0 Safari/537.36 Edg/136.0.0.0"
192.168.139.30 - - [13/May/2025:19:07:35 +0000] "GET /zabbix/jsLoader.php?ver=6.0.39&lang=en_US&files%5B0%5D=servercheck.js HTTP/1.1" 304 195 "http://192.168.137.30/zabbix/sysmaps.php" "Mozilla/5.0 (Windows NT 10.0; Win64; x64) AppleWebKit/537.36 (KHTML, like Gecko) Chrome/136.0.0.0 Safari/537.36 Edg/136.0.0.0"
192.168.139.30 - - [13/May/2025:19:07:35 +0000] "GET /zabbix/jsLoader.php?ver=6.0.39&lang=en_US&showGuiMessaging=1 HTTP/1.1" 200 229868 "http://192.168.137.30/zabbix/sysmaps.php" "Mozilla/5.0 (Windows NT 10.0; Win64; x64) AppleWebKit/537.36 (KHTML, like Gecko) Chrome/136.0.0.0 Safari/537.36 Edg/136.0.0.0"
192.168.139.30 - - [13/May/2025:19:07:35 +0000] "POST /zabbix/zabbix.php?action=notifications.get&sid=79838b96357537d1&output=ajax HTTP/1.1" 200 1064 "http://192.168.137.30/zabbix/sysmaps.php" "Mozilla/5.0 (Windows NT 10.0; Win64; x64) AppleWebKit/537.36 (KHTML, like Gecko) Chrome/136.0.0.0 Safari/537.36 Edg/136.0.0.0"
192.168.139.30 - - [13/May/2025:19:07:40 +0000] "POST /zabbix/jsrpc.php?output=json-rpc HTTP/1.1" 200 715 "http://192.168.137.30/zabbix/sysmaps.php" "Mozilla/5.0 (Windows NT 10.0; Win64; x64) AppleWebKit/537.36 (KHTML, like Gecko) Chrome/136.0.0.0 Safari/537.36 Edg/136.0.0.0"
192.168.139.30 - - [13/May/2025:19:07:52 +0000] "POST /zabbix/jsrpc.php?output=json-rpc HTTP/1.1" 200 716 "http://192.168.137.30/zabbix/sysmaps.php" "Mozilla/5.0 (Windows NT 10.0; Win64; x64) AppleWebKit/537.36 (KHTML, like Gecko) Chrome/136.0.0.0 Safari/537.36 Edg/136.0.0.0"
192.168.139.30 - - [13/May/2025:19:08:02 +0000] "POST /zabbix/jsrpc.php?output=json-rpc HTTP/1.1" 200 716 "http://192.168.137.30/zabbix/sysmaps.php" "Mozilla/5.0 (Windows NT 10.0; Win64; x64) AppleWebKit/537.36 (KHTML, like Gecko) Chrome/136.0.0.0 Safari/537.36 Edg/136.0.0.0"
127.0.0.1 - - [13/May/2025:19:08:05 +0000] "GET /server-status?auto HTTP/1.1" 200 1029 "-" "Python-urllib/3.12"
192.168.139.30 - - [13/May/2025:19:08:06 +0000] "POST /zabbix/zabbix.php?action=notifications.get&sid=79838b96357537d1&output=ajax HTTP/1.1" 200 1064 "http://192.168.137.30/zabbix/sysmaps.php" "Mozilla/5.0 (Windows NT 10.0; Win64; x64) AppleWebKit/537.36 (KHTML, like Gecko) Chrome/136.0.0.0 Safari/537.36 Edg/136.0.0.0"
192.168.139.30 - - [13/May/2025:19:08:14 +0000] "POST /zabbix/jsrpc.php?output=json-rpc HTTP/1.1" 200 716 "http://192.168.137.30/zabbix/sysmaps.php" "Mozilla/5.0 (Windows NT 10.0; Win64; x64) AppleWebKit/537.36 (KHTML, like Gecko) Chrome/136.0.0.0 Safari/537.36 Edg/136.0.0.0"
192.168.139.30 - - [13/May/2025:19:08:21 +0000] "GET /zabbix/zabbix.php?action=dashboard.view HTTP/1.1" 200 8110 "http://192.168.137.30/zabbix/sysmaps.php" "Mozilla/5.0 (Windows NT 10.0; Win64; x64) AppleWebKit/537.36 (KHTML, like Gecko) Chrome/136.0.0.0 Safari/537.36 Edg/136.0.0.0"
192.168.139.30 - - [13/May/2025:19:08:23 +0000] "GET /zabbix/jsLoader.php?lang=en_US&ver=6.0.39&showGuiMessaging=1 HTTP/1.1" 304 195 "http://192.168.137.30/zabbix/zabbix.php?action=dashboard.view" "Mozilla/5.0 (Windows NT 10.0; Win64; x64) AppleWebKit/537.36 (KHTML, like Gecko) Chrome/136.0.0.0 Safari/537.36 Edg/136.0.0.0"
192.168.139.30 - - [13/May/2025:19:08:23 +0000] "GET /zabbix/jsLoader.php?ver=6.0.39&lang=en_US&files%5B0%5D=flickerfreescreen.js&files%5B1%5D=gtlc.js&files%5B2%5D=leaflet.js&files%5B3%5D=leaflet.markercluster.js&files%5B4%5D=class.dashboard.js&files%5B5%5D=class.dashboard.page.js&files%5B6%5D=class.dashboard.widget.placeholder.js&files%5B7%5D=class.geomaps.js&files%5B8%5D=class.widget.js&files%5B9%5D=class.widget.iterator.js&files%5B10%5D=class.widget.clock.js&files%5B11%5D=class.widget.geomap.js&files%5B12%5D=class.widget.graph.js&files%5B13%5D=class.widget.graph-prototype.js&files%5B14%5D=class.widget.item.js&files%5B15%5D=class.widget.map.js&files%5B16%5D=class.widget.navtree.js&files%5B17%5D=class.widget.paste-placeholder.js&files%5B18%5D=class.widget.problems.js&files%5B19%5D=class.widget.problemsbysv.js&files%5B20%5D=class.widget.svggraph.js&files%5B21%5D=class.widget.trigerover.js&files%5B22%5D=class.widget.url.js&files%5B23%5D=class.calendar.js&files%5B24%5D=layout.mode.js&files%5B25%5D=class.coverride.js&files%5B26%5D=class.crangecontrol.js&files%5B27%5D=colorpicker.js&files%5B28%5D=class.csvggraph.js&files%5B29%5D=class.cnavtree.js&files%5B30%5D=class.svg.canvas.js&files%5B31%5D=class.svg.map.js&files%5B32%5D=class.tagfilteritem.js&files%5B33%5D=class.sortable.js&files%5B34%5D=servercheck.js HTTP/1.1" 304 196 "http://192.168.137.30/zabbix/zabbix.php?action=dashboard.view" "Mozilla/5.0 (Windows NT 10.0; Win64; x64) AppleWebKit/537.36 (KHTML, like Gecko) Chrome/136.0.0.0 Safari/537.36 Edg/136.0.0.0"
192.168.139.30 - - [13/May/2025:19:08:23 +0000] "POST /zabbix/zabbix.php?action=notifications.get&sid=79838b96357537d1&output=ajax HTTP/1.1" 200 1064 "http://192.168.137.30/zabbix/zabbix.php?action=dashboard.view" "Mozilla/5.0 (Windows NT 10.0; Win64; x64) AppleWebKit/537.36 (KHTML, like Gecko) Chrome/136.0.0.0 Safari/537.36 Edg/136.0.0.0"
192.168.139.30 - - [13/May/2025:19:08:23 +0000] "POST /zabbix/zabbix.php?sid=79838b96357537d1&action=widget.clock.view HTTP/1.1" 200 2702 "http://192.168.137.30/zabbix/zabbix.php?action=dashboard.view" "Mozilla/5.0 (Windows NT 10.0; Win64; x64) AppleWebKit/537.36 (KHTML, like Gecko) Chrome/136.0.0.0 Safari/537.36 Edg/136.0.0.0"
192.168.139.30 - - [13/May/2025:19:08:23 +0000] "POST /zabbix/zabbix.php?sid=79838b96357537d1&action=widget.hostavail.view HTTP/1.1" 200 1069 "http://192.168.137.30/zabbix/zabbix.php?action=dashboard.view" "Mozilla/5.0 (Windows NT 10.0; Win64; x64) AppleWebKit/537.36 (KHTML, like Gecko) Chrome/136.0.0.0 Safari/537.36 Edg/136.0.0.0"
192.168.139.30 - - [13/May/2025:19:08:23 +0000] "POST /zabbix/zabbix.php?sid=79838b96357537d1&action=widget.problems.view HTTP/1.1" 200 1109 "http://192.168.137.30/zabbix/zabbix.php?action=dashboard.view" "Mozilla/5.0 (Windows NT 10.0; Win64; x64) AppleWebKit/537.36 (KHTML, like Gecko) Chrome/136.0.0.0 Safari/537.36 Edg/136.0.0.0"
192.168.139.30 - - [13/May/2025:19:08:23 +0000] "POST /zabbix/zabbix.php?sid=79838b96357537d1&action=widget.systeminfo.view HTTP/1.1" 200 1974 "http://192.168.137.30/zabbix/zabbix.php?action=dashboard.view" "Mozilla/5.0 (Windows NT 10.0; Win64; x64) AppleWebKit/537.36 (KHTML, like Gecko) Chrome/136.0.0.0 Safari/537.36 Edg/136.0.0.0"
192.168.139.30 - - [13/May/2025:19:08:23 +0000] "POST /zabbix/zabbix.php?sid=79838b96357537d1&action=widget.problemsbysv.view HTTP/1.1" 200 1189 "http://192.168.137.30/zabbix/zabbix.php?action=dashboard.view" "Mozilla/5.0 (Windows NT 10.0; Win64; x64) AppleWebKit/537.36 (KHTML, like Gecko) Chrome/136.0.0.0 Safari/537.36 Edg/136.0.0.0"
192.168.139.30 - - [13/May/2025:19:08:24 +0000] "POST /zabbix/zabbix.php?sid=79838b96357537d1&action=widget.favmaps.view HTTP/1.1" 200 832 "http://192.168.137.30/zabbix/zabbix.php?action=dashboard.view" "Mozilla/5.0 (Windows NT 10.0; Win64; x64) AppleWebKit/537.36 (KHTML, like Gecko) Chrome/136.0.0.0 Safari/537.36 Edg/136.0.0.0"
192.168.139.30 - - [13/May/2025:19:08:24 +0000] "POST /zabbix/zabbix.php?sid=79838b96357537d1&action=widget.favgraphs.view HTTP/1.1" 200 836 "http://192.168.137.30/zabbix/zabbix.php?action=dashboard.view" "Mozilla/5.0 (Windows NT 10.0; Win64; x64) AppleWebKit/537.36 (KHTML, like Gecko) Chrome/136.0.0.0 Safari/537.36 Edg/136.0.0.0"
192.168.139.30 - - [13/May/2025:19:08:28 +0000] "POST /zabbix/jsrpc.php?output=json-rpc HTTP/1.1" 200 715 "http://192.168.137.30/zabbix/zabbix.php?action=dashboard.view" "Mozilla/5.0 (Windows NT 10.0; Win64; x64) AppleWebKit/537.36 (KHTML, like Gecko) Chrome/136.0.0.0 Safari/537.36 Edg/136.0.0.0"
192.168.139.30 - - [13/May/2025:19:08:34 +0000] "GET /zabbix/zabbix.php?action=host.view HTTP/1.1" 200 8560 "http://192.168.137.30/zabbix/zabbix.php?action=dashboard.view" "Mozilla/5.0 (Windows NT 10.0; Win64; x64) AppleWebKit/537.36 (KHTML, like Gecko) Chrome/136.0.0.0 Safari/537.36 Edg/136.0.0.0"
192.168.139.30 - - [13/May/2025:19:08:35 +0000] "GET /zabbix/jsLoader.php?ver=6.0.39&lang=en_US&files%5B0%5D=layout.mode.js&files%5B1%5D=class.tabfilter.js&files%5B2%5D=class.tabfilteritem.js&files%5B3%5D=class.tagfilteritem.js&files%5B4%5D=servercheck.js HTTP/1.1" 304 196 "http://192.168.137.30/zabbix/zabbix.php?action=host.view" "Mozilla/5.0 (Windows NT 10.0; Win64; x64) AppleWebKit/537.36 (KHTML, like Gecko) Chrome/136.0.0.0 Safari/537.36 Edg/136.0.0.0"
192.168.139.30 - - [13/May/2025:19:08:35 +0000] "GET /zabbix/jsLoader.php?lang=en_US&ver=6.0.39&showGuiMessaging=1 HTTP/1.1" 304 195 "http://192.168.137.30/zabbix/zabbix.php?action=host.view" "Mozilla/5.0 (Windows NT 10.0; Win64; x64) AppleWebKit/537.36 (KHTML, like Gecko) Chrome/136.0.0.0 Safari/537.36 Edg/136.0.0.0"
192.168.139.30 - - [13/May/2025:19:08:35 +0000] "POST /zabbix/zabbix.php?action=notifications.get&sid=79838b96357537d1&output=ajax HTTP/1.1" 200 1064 "http://192.168.137.30/zabbix/zabbix.php?action=host.view" "Mozilla/5.0 (Windows NT 10.0; Win64; x64) AppleWebKit/537.36 (KHTML, like Gecko) Chrome/136.0.0.0 Safari/537.36 Edg/136.0.0.0"
192.168.139.30 - - [13/May/2025:19:08:35 +0000] "POST /zabbix/zabbix.php?action=host.view.refresh HTTP/1.1" 200 663 "http://192.168.137.30/zabbix/zabbix.php?name=&ip=&dns=&port=&status=-1&evaltype=0&tags%5B0%5D%5Btag%5D=&tags%5B0%5D%5Boperator%5D=0&tags%5B0%5D%5Bvalue%5D=&maintenance_status=1&filter_name=&filter_show_counter=0&filter_custom_time=0&sort=name&sortorder=ASC&show_suppressed=0&action=host.view" "Mozilla/5.0 (Windows NT 10.0; Win64; x64) AppleWebKit/537.36 (KHTML, like Gecko) Chrome/136.0.0.0 Safari/537.36 Edg/136.0.0.0"
192.168.139.30 - - [13/May/2025:19:08:35 +0000] "POST /zabbix/zabbix.php?action=host.view.refresh HTTP/1.1" 200 4281 "http://192.168.137.30/zabbix/zabbix.php?name=&ip=&dns=&port=&status=-1&evaltype=0&tags%5B0%5D%5Btag%5D=&tags%5B0%5D%5Boperator%5D=0&tags%5B0%5D%5Bvalue%5D=&maintenance_status=1&filter_name=&filter_show_counter=0&filter_custom_time=0&sort=name&sortorder=ASC&show_suppressed=0&action=host.view" "Mozilla/5.0 (Windows NT 10.0; Win64; x64) AppleWebKit/537.36 (KHTML, like Gecko) Chrome/136.0.0.0 Safari/537.36 Edg/136.0.0.0"
192.168.139.30 - - [13/May/2025:19:08:38 +0000] "POST /zabbix/zabbix.php?sid=79838b96357537d1&action=popup.host.edit HTTP/1.1" 200 72756 "http://192.168.137.30/zabbix/zabbix.php?name=&ip=&dns=&port=&status=-1&evaltype=0&tags%5B0%5D%5Btag%5D=&tags%5B0%5D%5Boperator%5D=0&tags%5B0%5D%5Bvalue%5D=&maintenance_status=1&filter_name=&filter_show_counter=0&filter_custom_time=0&sort=name&sortorder=ASC&show_suppressed=0&action=host.view" "Mozilla/5.0 (Windows NT 10.0; Win64; x64) AppleWebKit/537.36 (KHTML, like Gecko) Chrome/136.0.0.0 Safari/537.36 Edg/136.0.0.0"
192.168.139.30 - - [13/May/2025:19:08:40 +0000] "POST /zabbix/jsrpc.php?output=json-rpc HTTP/1.1" 200 715 "http://192.168.137.30/zabbix/zabbix.php?action=host.edit" "Mozilla/5.0 (Windows NT 10.0; Win64; x64) AppleWebKit/537.36 (KHTML, like Gecko) Chrome/136.0.0.0 Safari/537.36 Edg/136.0.0.0"
::1 - - [13/May/2025:19:08:47 +0000] "OPTIONS * HTTP/1.0" 200 126 "-" "Apache/2.4.58 (Ubuntu) (internal dummy connection)"
192.168.139.30 - - [13/May/2025:19:08:49 +0000] "POST /zabbix/zabbix.php?sid=79838b96357537d1&action=popup.generic HTTP/1.1" 200 4703 "http://192.168.137.30/zabbix/zabbix.php?action=host.edit" "Mozilla/5.0 (Windows NT 10.0; Win64; x64) AppleWebKit/537.36 (KHTML, like Gecko) Chrome/136.0.0.0 Safari/537.36 Edg/136.0.0.0"
192.168.139.30 - - [13/May/2025:19:08:50 +0000] "POST /zabbix/jsrpc.php?output=json-rpc HTTP/1.1" 200 715 "http://192.168.137.30/zabbix/zabbix.php?action=host.edit" "Mozilla/5.0 (Windows NT 10.0; Win64; x64) AppleWebKit/537.36 (KHTML, like Gecko) Chrome/136.0.0.0 Safari/537.36 Edg/136.0.0.0"
192.168.139.30 - - [13/May/2025:19:08:51 +0000] "POST /zabbix/zabbix.php?sid=79838b96357537d1&action=popup.generic HTTP/1.1" 200 6442 "http://192.168.137.30/zabbix/zabbix.php?action=host.edit" "Mozilla/5.0 (Windows NT 10.0; Win64; x64) AppleWebKit/537.36 (KHTML, like Gecko) Chrome/136.0.0.0 Safari/537.36 Edg/136.0.0.0"
192.168.139.30 - - [13/May/2025:19:08:54 +0000] "POST /zabbix/zabbix.php?sid=79838b96357537d1&action=popup.generic HTTP/1.1" 200 10514 "http://192.168.137.30/zabbix/zabbix.php?action=host.edit" "Mozilla/5.0 (Windows NT 10.0; Win64; x64) AppleWebKit/537.36 (KHTML, like Gecko) Chrome/136.0.0.0 Safari/537.36 Edg/136.0.0.0"
192.168.139.30 - - [13/May/2025:19:09:01 +0000] "POST /zabbix/jsrpc.php?output=json-rpc HTTP/1.1" 200 716 "http://192.168.137.30/zabbix/zabbix.php?action=host.edit" "Mozilla/5.0 (Windows NT 10.0; Win64; x64) AppleWebKit/537.36 (KHTML, like Gecko) Chrome/136.0.0.0 Safari/537.36 Edg/136.0.0.0"
192.168.139.30 - - [13/May/2025:19:09:05 +0000] "POST /zabbix/zabbix.php?action=notifications.get&sid=79838b96357537d1&output=ajax HTTP/1.1" 200 1064 "http://192.168.137.30/zabbix/zabbix.php?action=host.edit" "Mozilla/5.0 (Windows NT 10.0; Win64; x64) AppleWebKit/537.36 (KHTML, like Gecko) Chrome/136.0.0.0 Safari/537.36 Edg/136.0.0.0"
192.168.139.30 - - [13/May/2025:19:09:06 +0000] "POST /zabbix/zabbix.php?action=host.view.refresh HTTP/1.1" 200 662 "http://192.168.137.30/zabbix/zabbix.php?action=host.edit" "Mozilla/5.0 (Windows NT 10.0; Win64; x64) AppleWebKit/537.36 (KHTML, like Gecko) Chrome/136.0.0.0 Safari/537.36 Edg/136.0.0.0"
127.0.0.1 - - [13/May/2025:19:09:11 +0000] "GET /server-status?auto HTTP/1.1" 200 1029 "-" "Python-urllib/3.12"
192.168.139.30 - - [13/May/2025:19:09:12 +0000] "POST /zabbix/jsrpc.php?output=json-rpc HTTP/1.1" 200 716 "http://192.168.137.30/zabbix/zabbix.php?action=host.edit" "Mozilla/5.0 (Windows NT 10.0; Win64; x64) AppleWebKit/537.36 (KHTML, like Gecko) Chrome/136.0.0.0 Safari/537.36 Edg/136.0.0.0"
192.168.139.30 - - [13/May/2025:19:09:18 +0000] "POST /zabbix/zabbix.php?action=host.create HTTP/1.1" 200 723 "http://192.168.137.30/zabbix/zabbix.php?action=host.edit" "Mozilla/5.0 (Windows NT 10.0; Win64; x64) AppleWebKit/537.36 (KHTML, like Gecko) Chrome/136.0.0.0 Safari/537.36 Edg/136.0.0.0"
192.168.139.30 - - [13/May/2025:19:09:23 +0000] "POST /zabbix/jsrpc.php?output=json-rpc HTTP/1.1" 200 715 "http://192.168.137.30/zabbix/zabbix.php?action=host.edit" "Mozilla/5.0 (Windows NT 10.0; Win64; x64) AppleWebKit/537.36 (KHTML, like Gecko) Chrome/136.0.0.0 Safari/537.36 Edg/136.0.0.0"
192.168.139.30 - - [13/May/2025:19:09:27 +0000] "POST /zabbix/zabbix.php?sid=79838b96357537d1&action=popup.generic HTTP/1.1" 200 10961 "http://192.168.137.30/zabbix/zabbix.php?action=host.edit" "Mozilla/5.0 (Windows NT 10.0; Win64; x64) AppleWebKit/537.36 (KHTML, like Gecko) Chrome/136.0.0.0 Safari/537.36 Edg/136.0.0.0"
192.168.139.30 - - [13/May/2025:19:09:33 +0000] "POST /zabbix/jsrpc.php?output=json-rpc HTTP/1.1" 200 716 "http://192.168.137.30/zabbix/zabbix.php?action=host.edit" "Mozilla/5.0 (Windows NT 10.0; Win64; x64) AppleWebKit/537.36 (KHTML, like Gecko) Chrome/136.0.0.0 Safari/537.36 Edg/136.0.0.0"
192.168.139.30 - - [13/May/2025:19:09:35 +0000] "POST /zabbix/zabbix.php?action=notifications.get&sid=79838b96357537d1&output=ajax HTTP/1.1" 200 1064 "http://192.168.137.30/zabbix/zabbix.php?action=host.edit" "Mozilla/5.0 (Windows NT 10.0; Win64; x64) AppleWebKit/537.36 (KHTML, like Gecko) Chrome/136.0.0.0 Safari/537.36 Edg/136.0.0.0"
192.168.139.30 - - [13/May/2025:19:09:36 +0000] "POST /zabbix/zabbix.php?action=host.view.refresh HTTP/1.1" 200 662 "http://192.168.137.30/zabbix/zabbix.php?action=host.edit" "Mozilla/5.0 (Windows NT 10.0; Win64; x64) AppleWebKit/537.36 (KHTML, like Gecko) Chrome/136.0.0.0 Safari/537.36 Edg/136.0.0.0"
192.168.139.30 - - [13/May/2025:19:09:32 +0000] "POST /zabbix/zabbix.php?action=host.create HTTP/1.1" 200 673 "http://192.168.137.30/zabbix/zabbix.php?action=host.edit" "Mozilla/5.0 (Windows NT 10.0; Win64; x64) AppleWebKit/537.36 (KHTML, like Gecko) Chrome/136.0.0.0 Safari/537.36 Edg/136.0.0.0"
192.168.139.30 - - [13/May/2025:19:09:39 +0000] "POST /zabbix/zabbix.php?action=host.view.refresh HTTP/1.1" 200 6086 "http://192.168.137.30/zabbix/zabbix.php?name=&ip=&dns=&port=&status=-1&evaltype=0&tags%5B0%5D%5Btag%5D=&tags%5B0%5D%5Boperator%5D=0&tags%5B0%5D%5Bvalue%5D=&maintenance_status=1&filter_name=&filter_show_counter=0&filter_custom_time=0&sort=name&sortorder=ASC&show_suppressed=0&action=host.view" "Mozilla/5.0 (Windows NT 10.0; Win64; x64) AppleWebKit/537.36 (KHTML, like Gecko) Chrome/136.0.0.0 Safari/537.36 Edg/136.0.0.0"
192.168.139.30 - - [13/May/2025:19:09:43 +0000] "GET /zabbix/zabbix.php?action=map.view HTTP/1.1" 302 682 "http://192.168.137.30/zabbix/zabbix.php?name=&ip=&dns=&port=&status=-1&evaltype=0&tags%5B0%5D%5Btag%5D=&tags%5B0%5D%5Boperator%5D=0&tags%5B0%5D%5Bvalue%5D=&maintenance_status=1&filter_name=&filter_show_counter=0&filter_custom_time=0&sort=name&sortorder=ASC&show_suppressed=0&action=host.view" "Mozilla/5.0 (Windows NT 10.0; Win64; x64) AppleWebKit/537.36 (KHTML, like Gecko) Chrome/136.0.0.0 Safari/537.36 Edg/136.0.0.0"
192.168.139.30 - - [13/May/2025:19:09:43 +0000] "GET /zabbix/sysmaps.php HTTP/1.1" 200 5006 "http://192.168.137.30/zabbix/zabbix.php?name=&ip=&dns=&port=&status=-1&evaltype=0&tags%5B0%5D%5Btag%5D=&tags%5B0%5D%5Boperator%5D=0&tags%5B0%5D%5Bvalue%5D=&maintenance_status=1&filter_name=&filter_show_counter=0&filter_custom_time=0&sort=name&sortorder=ASC&show_suppressed=0&action=host.view" "Mozilla/5.0 (Windows NT 10.0; Win64; x64) AppleWebKit/537.36 (KHTML, like Gecko) Chrome/136.0.0.0 Safari/537.36 Edg/136.0.0.0"
192.168.139.30 - - [13/May/2025:19:09:44 +0000] "GET /zabbix/jsLoader.php?ver=6.0.39&lang=en_US&showGuiMessaging=1 HTTP/1.1" 304 195 "http://192.168.137.30/zabbix/sysmaps.php" "Mozilla/5.0 (Windows NT 10.0; Win64; x64) AppleWebKit/537.36 (KHTML, like Gecko) Chrome/136.0.0.0 Safari/537.36 Edg/136.0.0.0"
192.168.139.30 - - [13/May/2025:19:09:44 +0000] "GET /zabbix/jsLoader.php?ver=6.0.39&lang=en_US&files%5B0%5D=servercheck.js HTTP/1.1" 304 196 "http://192.168.137.30/zabbix/sysmaps.php" "Mozilla/5.0 (Windows NT 10.0; Win64; x64) AppleWebKit/537.36 (KHTML, like Gecko) Chrome/136.0.0.0 Safari/537.36 Edg/136.0.0.0"
192.168.139.30 - - [13/May/2025:19:09:44 +0000] "POST /zabbix/jsrpc.php?output=json-rpc HTTP/1.1" 200 716 "http://192.168.137.30/zabbix/zabbix.php?name=&ip=&dns=&port=&status=-1&evaltype=0&tags%5B0%5D%5Btag%5D=&tags%5B0%5D%5Boperator%5D=0&tags%5B0%5D%5Bvalue%5D=&maintenance_status=1&filter_name=&filter_show_counter=0&filter_custom_time=0&sort=name&sortorder=ASC&show_suppressed=0&action=host.view" "Mozilla/5.0 (Windows NT 10.0; Win64; x64) AppleWebKit/537.36 (KHTML, like Gecko) Chrome/136.0.0.0 Safari/537.36 Edg/136.0.0.0"
192.168.139.30 - - [13/May/2025:19:09:44 +0000] "POST /zabbix/zabbix.php?action=notifications.get&sid=79838b96357537d1&output=ajax HTTP/1.1" 200 1064 "http://192.168.137.30/zabbix/sysmaps.php" "Mozilla/5.0 (Windows NT 10.0; Win64; x64) AppleWebKit/537.36 (KHTML, like Gecko) Chrome/136.0.0.0 Safari/537.36 Edg/136.0.0.0"
192.168.139.30 - - [13/May/2025:19:09:45 +0000] "GET /zabbix/zabbix.php?action=latest.view HTTP/1.1" 200 20323 "http://192.168.137.30/zabbix/sysmaps.php" "Mozilla/5.0 (Windows NT 10.0; Win64; x64) AppleWebKit/537.36 (KHTML, like Gecko) Chrome/136.0.0.0 Safari/537.36 Edg/136.0.0.0"
192.168.139.30 - - [13/May/2025:19:09:47 +0000] "GET /zabbix/jsLoader.php?ver=6.0.39&lang=en_US&files%5B0%5D=layout.mode.js&files%5B1%5D=class.tagfilteritem.js&files%5B2%5D=class.tabfilter.js&files%5B3%5D=class.tabfilteritem.js&files%5B4%5D=class.expandable.subfilter.js&files%5B5%5D=servercheck.js HTTP/1.1" 200 11880 "http://192.168.137.30/zabbix/zabbix.php?action=latest.view" "Mozilla/5.0 (Windows NT 10.0; Win64; x64) AppleWebKit/537.36 (KHTML, like Gecko) Chrome/136.0.0.0 Safari/537.36 Edg/136.0.0.0"
192.168.139.30 - - [13/May/2025:19:09:47 +0000] "GET /zabbix/jsLoader.php?lang=en_US&ver=6.0.39&showGuiMessaging=1 HTTP/1.1" 304 195 "http://192.168.137.30/zabbix/zabbix.php?action=latest.view" "Mozilla/5.0 (Windows NT 10.0; Win64; x64) AppleWebKit/537.36 (KHTML, like Gecko) Chrome/136.0.0.0 Safari/537.36 Edg/136.0.0.0"
192.168.139.30 - - [13/May/2025:19:09:47 +0000] "POST /zabbix/zabbix.php?action=notifications.get&sid=79838b96357537d1&output=ajax HTTP/1.1" 200 1064 "http://192.168.137.30/zabbix/zabbix.php?action=latest.view" "Mozilla/5.0 (Windows NT 10.0; Win64; x64) AppleWebKit/537.36 (KHTML, like Gecko) Chrome/136.0.0.0 Safari/537.36 Edg/136.0.0.0"
192.168.139.30 - - [13/May/2025:19:09:47 +0000] "POST /zabbix/zabbix.php?action=latest.view.refresh HTTP/1.1" 200 662 "http://192.168.137.30/zabbix/zabbix.php?name=&evaltype=0&tags%5B0%5D%5Btag%5D=&tags%5B0%5D%5Boperator%5D=0&tags%5B0%5D%5Bvalue%5D=&show_tags=3&tag_name_format=0&tag_priority=&filter_name=&filter_show_counter=0&filter_custom_time=0&sort=name&sortorder=ASC&show_details=0&action=latest.view&hostids%5B%5D=10084" "Mozilla/5.0 (Windows NT 10.0; Win64; x64) AppleWebKit/537.36 (KHTML, like Gecko) Chrome/136.0.0.0 Safari/537.36 Edg/136.0.0.0"
192.168.139.30 - - [13/May/2025:19:09:53 +0000] "POST /zabbix/jsrpc.php?output=json-rpc HTTP/1.1" 200 715 "http://192.168.137.30/zabbix/zabbix.php?name=&evaltype=0&tags%5B0%5D%5Btag%5D=&tags%5B0%5D%5Boperator%5D=0&tags%5B0%5D%5Bvalue%5D=&show_tags=3&tag_name_format=0&tag_priority=&filter_name=&filter_show_counter=0&filter_custom_time=0&sort=name&sortorder=ASC&show_details=0&action=latest.view&hostids%5B%5D=10084" "Mozilla/5.0 (Windows NT 10.0; Win64; x64) AppleWebKit/537.36 (KHTML, like Gecko) Chrome/136.0.0.0 Safari/537.36 Edg/136.0.0.0"
192.168.139.30 - - [13/May/2025:19:10:04 +0000] "POST /zabbix/jsrpc.php?output=json-rpc HTTP/1.1" 200 716 "http://192.168.137.30/zabbix/zabbix.php?name=&evaltype=0&tags%5B0%5D%5Btag%5D=&tags%5B0%5D%5Boperator%5D=0&tags%5B0%5D%5Bvalue%5D=&show_tags=3&tag_name_format=0&tag_priority=&filter_name=&filter_show_counter=0&filter_custom_time=0&sort=name&sortorder=ASC&show_details=0&action=latest.view&hostids%5B%5D=10084" "Mozilla/5.0 (Windows NT 10.0; Win64; x64) AppleWebKit/537.36 (KHTML, like Gecko) Chrome/136.0.0.0 Safari/537.36 Edg/136.0.0.0"
127.0.0.1 - - [13/May/2025:19:10:10 +0000] "GET /server-status?auto HTTP/1.1" 200 1029 "-" "Python-urllib/3.12"
192.168.139.30 - - [13/May/2025:19:10:14 +0000] "POST /zabbix/jsrpc.php?output=json-rpc HTTP/1.1" 200 716 "http://192.168.137.30/zabbix/zabbix.php?name=&evaltype=0&tags%5B0%5D%5Btag%5D=&tags%5B0%5D%5Boperator%5D=0&tags%5B0%5D%5Bvalue%5D=&show_tags=3&tag_name_format=0&tag_priority=&filter_name=&filter_show_counter=0&filter_custom_time=0&sort=name&sortorder=ASC&show_details=0&action=latest.view&hostids%5B%5D=10084" "Mozilla/5.0 (Windows NT 10.0; Win64; x64) AppleWebKit/537.36 (KHTML, like Gecko) Chrome/136.0.0.0 Safari/537.36 Edg/136.0.0.0"
